../Core/Src/main.c:86:5:main	8	static
../Core/Src/main.c:149:6:SystemClock_Config	88	static
../Core/Src/main.c:196:13:MX_ADC1_Init	56	static
../Core/Src/main.c:273:13:MX_TIM1_Init	120	static
../Core/Src/main.c:363:13:MX_TIM2_Init	40	static
../Core/Src/main.c:408:13:MX_TIM3_Init	56	static
../Core/Src/main.c:457:13:MX_TIM4_Init	56	static
../Core/Src/main.c:504:13:MX_DMA_Init	16	static
../Core/Src/main.c:523:13:MX_GPIO_Init	48	static
../Core/Src/main.c:586:6:SetHomePrismatic	8	static
../Core/Src/main.c:603:6:PrismaticMotorControl	24	static
../Core/Src/main.c:618:6:PrismaticPIDControl	16	static
../Core/Src/main.c:623:5:map	24	static
../Core/Src/main.c:630:6:HAL_GPIO_EXTI_Callback	16	static
../Core/Src/main.c:643:6:HAL_TIM_PeriodElapsedCallback	24	static
../Core/Src/main.c:672:6:Error_Handler	4	static,ignoring_inline_asm
