../Core/Src/main.c:112:5:main	8	static
../Core/Src/main.c:187:6:SystemClock_Config	88	static
../Core/Src/main.c:234:13:MX_ADC1_Init	56	static
../Core/Src/main.c:311:13:MX_TIM1_Init	120	static
../Core/Src/main.c:401:13:MX_TIM2_Init	40	static
../Core/Src/main.c:446:13:MX_TIM3_Init	56	static
../Core/Src/main.c:495:13:MX_TIM4_Init	56	static
../Core/Src/main.c:544:13:MX_TIM5_Init	40	static
../Core/Src/main.c:587:13:MX_DMA_Init	16	static
../Core/Src/main.c:606:13:MX_GPIO_Init	48	static
../Core/Src/main.c:675:6:SetHomePrismatic	8	static
../Core/Src/main.c:690:6:PrismaticMotorControl	24	static
../Core/Src/main.c:704:6:PrismaticPIDControl	48	static
../Core/Src/main.c:713:5:map	24	static
../Core/Src/main.c:718:6:HAL_GPIO_EXTI_Callback	16	static
../Core/Src/main.c:727:6:HAL_TIM_PeriodElapsedCallback	24	static
../Core/Src/main.c:757:6:Error_Handler	4	static,ignoring_inline_asm
